# Addresses
Address CANTEEN_ADDRESS 0x04F87C30
Address ZONE_OFFSET 0x0500ECA0
Address LEVEL_OFFSET 0x05013950
Address SESSION_OFFSET 0x051C46B8
Address WEAPON_ADDRESS 0x050139A0
Address WEAPON_MECHANICS_ADDRESS 0x050139A0
Address EQUIPMENT_ADDRESS 0x050139A0
Address ABNORMALITY_ADDRESS 0x050139A0
Address MONSTER_ADDRESS 0x051238C8
Address MONSTER_LIST_ADDRESS 0x0500CF40
Address PARTY_ADDRESS 0x05013530
Address DAMAGE_ADDRESS 0x051C46B8
Address QUEST_DATA_ADDRESS 0x0500ED30
Address WEAPON_DATA_ADDRESS 0x05012080
Address HUD_MENU_ADDRESS 0x051C4640
Address GAME_MOUSE_INFO_ADDRESS 0x051C53F0
Address LOCKON_ADDRESS 0x0500ECA0
Address MONSTER_MANUAL_TARGET_ADDRESS 0x05013880
Address MONSTER_QUEST_TARGET_ADDRESS 0x04F9F9D8
Address MINIMUM_SHARPNESSES_ADDRESS 0x034DAB10
Address WORLD_DATA_ADDRESS 0x05013830

# Functions
Address FUN_DEAL_DAMAGE 0x01CC5F80

# Offsets
Offset WEAPON_OFFSETS 0x50,0xC0,0x8,0x78,0x2E8
Offset MONSTER_OFFSETS 0x698,0x0,0x138,0x0
Offset MONSTER_LIST_OFFSETS 0x38
Offset LOCKEDON_MONSTER_INDEX_OFFSETS 0x1618,0x12608,0x3340,0x0,0x48,0x0
Offset EQUIPMENT_OFFSETS 0x50,0x80,0x80,0x18,0x460
Offset PARTY_OFFSETS 0x1AB0
Offset SESSION_PARTY_OFFSETS 0x258,0x10,0x6574
Offset DAMAGE_OFFSETS 0x258,0x38,0x450,0x8,0x48
Offset ABNORMALITY_OFFSETS 0x50,0x7D20,0x0
Offset ABNORMALITY_GEAR_OFFSETS 0x50,0x12608,0x0
Offset ABNORMALITY_CANTEEN_OFFSETS 0x0
Offset QUEST_TIMER_OFFSETS 0x13180
Offset QUEST_STATE_OFFSETS 0x54
Offset QUEST_DATA_OFFSETS 0x0
Offset QUEST_EXTRA_DATA_OFFSETS 0x17370
Offset GEAR_SKILL_OFFSETS 0x50,0x7D20,0x10,0x78
Offset WEAPON_MECHANICS_OFFSETS 0x50,0x76B0,0x0
Offset WEAPON_EXTRA_MECHANICS_DATA_OFFSETS 0x50,0x7810,0x0
Offset WEAPON_SHARPNESS_OFFSETS 0x50,0x98,0x10,0x70,0x18,0x550,0x0
Offset WEAPON_ID_OFFSETS 0x50,0x98,0x10,0x70,0x18,0x550,0x1D0C
Offset PLAYER_BASIC_INFORMATION_OFFSETS 0x50,0x7630,0x0
Offset WEAPON_DATA_OFFSETS 0xC8
Offset ZoneOffsets 0xAED0
Offset LevelOffsets 0xA8
Offset MONSTER_MANUAL_TARGET_OFFSETS 0x0
Offset MONSTER_QUEST_TARGET_OFFSETS 0x48,0x1760,0x100
Offset HUD_MENU_OPEN_OFFSETS 0x13FD0,0xB734
Offset WORLD_DATA_OFFSETS 0x0

# Player
Offset Player::Position 0x50,0xC0,0x670

# Game Data
Offset MOUSE_VISIBILITY_OFFSETS 0x170

# CRC
Address CRC_FUNC_1A 0x0278C05B
Address CRC_FUNC_1B 0x0278C259
Address CRC_FUNC_2A 0x027827AE
Address CRC_FUNC_2B 0x02783334
# Instructions
Instruction CRC_ORIGINAL_FUNC_1A 0x0F,0x31,0x48,0xC1,0xE2,0x20,0x48,0x0B,0xC2
Instruction CRC_ORIGINAL_FUNC_1B 0x48,0x83,0xC4,0x20,0x5B,0xC3
Instruction CRC_ORIGINAL_FUNC_2A 0xC7,0x44,0x24,0x30,0x1F,0x20,0x31,0x5E
Instruction CRC_ORIGINAL_FUNC_2B 0x48,0x81,0xC4,0x70,0x03,0x00,0x00
