# Addresses
Address STAGE_ADDRESS 0x0C059C28
Address MONSTERS_ADDRESS 0x0C055C60
Address LOCKON_ADDRESS 0x0C050680
Address CHARACTER_ADDRESS 0x0C051920
Address SAVE_ADDRESS 0x0C0A4A98
Address WEAPON_ADDRESS 0x0C0AFBD0
Address ABNORMALITIES_ADDRESS 0x0C0A68C0
Address ARGOSY_ADDRESS 0x0C0AB450
Address TRAINING_DOJO_ADDRESS 0x0C0A9660
Address CHAT_ADDRESS 0x0C055998
Address CHAT_UI_ADDRESS 0x0C0A5840
Address SESSION_PLAYERS_ADDRESS 0x0C0A6A08
Address UI_ADDRESS 0x0C0A5840
Address GEAR_ADDRESS 0x0C0A3950
# Static Data
Address DATA_TRAINING_DOJO_ROUNDS_LEFT 0x0C0AA5B8
# Executable
Address FUNC_WIREBUG_HIDE_AIM_ADDRESS 0x1374D9C
# Offsets
Offset STAGE_OFFSETS 0x0
Offset LOCKON_OFFSETS 0xB8,0x58,0x20
Offset LOCKON_CAMERA_STYLE_OFFSETS 0xB8,0x50
Offset MONSTER_HEALTH_COMPONENT_OFFSETS 0x2A0,0x48,0x10,0x20,0x10,0x20
Offset MONSTER_FLINCH_HEALTH_COMPONENT_OFFSETS 0x2A0,0x48,0x10,0x28,0x10
Offset MONSTER_SEVER_HEALTH_COMPONENT_OFFSETS 0x2A0,0x48,0x10,0x38,0x10
Offset MONSTER_BREAK_HEALTH_COMPONENT_OFFSETS 0x2A0,0x48,0x10,0x30,0x10
Offset MONSTER_HEALTH_COMPONENT_ENCODED_OFFSETS 0x10,0x18
Offset MONSTER_LIST_OFFSETS 0x80,0x10,0x0
Offset CHARACTER_OFFSETS 0xA8,0x18
Offset WEAPON_OFFSETS 0x0
Offset SAVE_OFFSETS 0xC0,0x18
Offset MONSTER_AILMENTS_OFFSETS 0x310,0xD0
Offset MONSTER_CROWN_OFFSETS 0x2A0
Offset MONSTER_ENRAGE_OFFSETS 0x2B0
Offset MONSTER_STAMINA_OFFSETS 0x2B8
Offset HH_ABNORMALITIES_OFFSETS 0xE0,0x208,0x0
Offset CONS_ABNORMALITIES_OFFSETS 0xE0,0x120,0x0
Offset DEBUFF_ABNORMALITIES_OFFSETS 0xE0,0x0
Offset WIREBUG_DATA_OFFSETS 0xE0,0x3B0,0x0
Offset WIREBUG_EXTRA_DATA_OFFSETS 0xE0,0x3B8
Offset ARGOSY_OFFSETS 0x58,0x58,0x0
Offset ARGOSY_SUBMARINE_ITEMS_OFFSETS 0x40,0x0
Offset TRAINING_DOJO_OFFSETS 0x68,0x0
Offset TRAINING_DOJO_BUDDY_ARRAY_OFFSETS 0x60,0x10,0x0
Offset UI_OPEN_OFFSETS 0x258,0x58,0x118,0x118,0x120,0x120,0x20,0x50
Offset GEAR_OFFSETS 0x88,0x18,0x0
# Session
Offset SESSION_PLAYERS_ARRAY_OFFSETS 0x58,0x0
# Chat
Offset CHAT_OFFSETS 0x60,0x10
Offset CHAT_UI_OFFSETS 0x2E8,0x68,0x138,0x20
# Buddy data
Offset BUDDY_NAME_OFFSETS 0x20,0x18
Offset BUDDY_LEVEL_OFFSETS 0x20

# CRC Credits to REFramework: https://github.com/praydog/REFramework/blob/master/src/mods/IntegrityCheckBypass.cpp
Address CRC_FUNC_1 0x02A72980
Address CRC_FUNC_2 0x02AE7CD0
Address CRC_FUNC_3 0x057271C0
# Instructions
Instruction CRC_ORIGINAL_FUNC_1 0x48,0x89,0x5C
Instruction CRC_ORIGINAL_FUNC_2 0x48,0x89,0x5C
Instruction CRC_ORIGINAL_FUNC_3 0x48,0x89,0x5C