# Addresses
Address BASE 0x140000000
Address CANTEEN_OFFSET 0x04F2E8F0
Address MONSTER_SELECTED_OFFSET 0x04F46678
Address ZONE_OFFSET 0x04FB5EE0
Address MONSTER_TARGETED_OFFSET 0x04FBA990
Address LEVEL_OFFSET 0x04FBAA60
Address WEAPON_OFFSET 0x04FBAAB0
Address WEAPON_MECHANICS_OFFSET 0x04FBAAB0
Address EQUIPMENT_OFFSET 0x04FBAAB0
Address ABNORMALITY_OFFSET 0x04FBAAB0
Address MONSTER_OFFSET 0x050CA4D0
Address PARTY_OFFSET 0x0516B2B8
Address SESSION_OFFSET 0x0516B2B8
Address DAMAGE_OFFSET 0x0516B2B8
# Offsets
Offset LevelOffsets 0xA8
Offset ZoneOffsets 0xAED0
Offset SessionOffsets 0x68,0x1D0,0x208,0x30,0x3C8
Offset WeaponOffsets 0x50,0xC0,0x8,0x78,0x2E8
Offset MonsterOffsets 0x698,0x0,0x138,0x0
Offset EquipmentOffsets 0x50,0x80,0x80,0x18,0x460
Offset PartyOffsets 0x68,0x0
Offset DamageOffsets 0x258,0x38,0x450,0x8,0x48
Offset AbnormalityOffsets 0x50,0x7D20,0x0
Offset AbnormalityGearOffsets 0x50,0x12608,0x0
Offset MonsterSelectedOffsets 0x48,0x1760,0x100,0x0
Offset PlayerGearOffsets 0x50,0x12610,0xCC
Offset PlayerLockonOffsets 0x50,0x80,0x80,0x0
Offset WeaponMechanicsOffsets 0x50,0x98,0x10,0x70,0x18,0x550,0x236C
Offset PlayerPositionOffsets 0x50,0xC0,0x670
Offset PlayerBasicInformationOffsets 0x50,0x7630,0x0
