# Addresses
Address BASE 0x140000000
Address CANTEEN_OFFSET 0x04FE79C0
Address MONSTER_SELECTED_OFFSET 0x04FFF758
Address PLAYER_DATA_OFFSET 0x04FFF758
Address ZONE_OFFSET 0x0506F1A0
Address MONSTER_TARGETED_OFFSET 0x05073DA0
Address LEVEL_OFFSET 0x05073E70
Address WEAPON_OFFSET 0x05073EC0
Address WEAPON_MECHANICS_OFFSET 0x05073EC0
Address EQUIPMENT_OFFSET 0x05073EC0
Address ABNORMALITY_OFFSET 0x05073EC0
Address MONSTER_OFFSET 0x05183DF0
Address ITEM_DATA_OFFSET 0x05224B80
Address PARTY_OFFSET 0x05224BF8
Address SESSION_OFFSET 0x05224BF8
Address DAMAGE_OFFSET 0x05224BF8
Address WORLD_DATA_OFFSET 0x05073D50
Address WEAPON_DATA_OFFSET 0x050725A0
Address HUD_DATA_OFFSET 0x0506F1A0
Address GAME_INPUT_OFFSET 0x052258F8
Address GAME_FRAME_COUNT_OFFSET 0x0522A098
Address GAME_RENDER_INFO_OFFSET 0x05224688
# Game Data
Address MUSIC_SKILL_EFC_DATA_OFFSET 0x05072590
# GMD Strings
Address GMD_ITEMS_OFFSET 0x05073380
Address GMD_BUFFS_OFFSET 0x050733B0
Address GMD_MONSTERS_OFFSET 0x050733C0
# Functions
Address FUN_GAME_INPUT 0x02303DE0
# Offsets
Offset LevelOffsets 0xA8
Offset ZoneOffsets 0xAED0
Offset SessionOffsets 0x68,0x1D0,0x208,0x30,0x3C8
Offset WeaponOffsets 0x50,0xC0,0x8,0x78,0x2E8
Offset MonsterOffsets 0x698,0x0,0x138,0x0
Offset EquipmentOffsets 0x50,0x80,0x80,0x18,0x460
Offset PartyOffsets 0x68,0x0
Offset DamageOffsets 0x258,0x38,0x450,0x8,0x48
Offset AbnormalityOffsets 0x50,0x7D20,0x0
Offset SkillOffsets 0x50,0x7D20,0x10,0x78
Offset AbnormalityGearOffsets 0x50,0x12608,0x0
Offset MonsterSelectedOffsets 0x48,0x1760,0x100,0x0
Offset PlayerGearOffsets 0x50,0x12610,0xCC
Offset PlayerLockonOffsets 0x50,0x80,0x80,0x0
Offset WeaponMechanicsOffsets 0x50,0x98,0x10,0x70,0x18,0x550,0x236C
Offset PlayerPositionOffsets 0x50,0xC0,0x670
Offset PlayerBasicInformationOffsets 0x50,0x7630,0x0
Offset WeaponDataOffsets 0xC8
Offset ItemDataOffsets 0x140C0
Offset gHudStaminaBarOffsets 0xB3C8,0x8,0x0
Offset gHudHealthBarOffsets 0xB2A0,0x8,0x0
Offset FoodDataOffsets 0x80,0x7D20,0x18,0x0
Offset PlayerCanteenTimer 0x0
# Game Data
Offset cMusicSkillEfcDataOffsets 0xC8,0x0
# GMD Offsets
Offset GmdOffsets 0xF8
Offset GmdItemsOffsets 0xF8
Offset GameInputArrayOffsets 0x138
