Address Encryption::Round        0x147642D0
Address Encryption::Key          0x147642E0
Address Game::PauseManager       0x1463C910
Address Game::SaveManager        0x1467F568
Address Game::EnvironmentManager 0x145B00E0
Address Game::EnemyManager       0x146365C0
Address Data::SizeTables         0x146365C0
Address Game::QuestManager       0x145CD258
Address Game::GUIManager         0x145AB158
Address Game::WorldManager       0x145AE220
Address Game::CameraManager      0x1465B290
Address Game::NpcManager         0x145B0430
Address Game::NetworkManager     0x146479D0
Address Game::PlayerManager      0x145C9E08

Offset Environment::MonsterList 0x2B8
Offset Monster::Magic 0x10,0x28,0x14
Offset Monster::Context 0x30
Offset Monster::ContextData 0x30,0x40
Offset Monster::BasicData 0x30,0x40,0x108
Offset Monster::Health 0x30,0x38,0x10
Offset Monster::Enrage 0x30,0x40,0x138,0x18
Offset Monster::Stamina 0x30,0x40,0x138,0x20
Offset Monster::Ailments 0x30,0x40,0x138,0xC0
Offset Monster::Parts 0x30,0x40,0x128
Offset Monster::Thresholds 0x30,0x40,0x188
Offset Monster::AI 0x30,0x40,0xE8
Offset Camera::Monster::Target 0xB0,0x230,0x20,0x30
Offset Monster::SizeTable 0xC0,0x78,0x20
Offset Monster::TargetKey 0x30,0x40,0x100,0x18
Offset GUI::IsNPCIndicatorVisible 0x58,0x1A8,0x128
Offset Player::Local 0x50,0x20,0x10
Offset Player::Base 0x10
Offset Player::List 0x50,0x20
Offset Player::Stage 0x30,0x38,0x18
Offset Player::Context 0x30,0x48
Offset Player::Gear 0x30,0x40,0x10
Offset Player::Status::Affinity 0x30,0x40,0x50,0x30
Offset Player::Status::Damage 0x30,0x40,0x50,0x20
Offset Player::Party 0x60
Offset Player::DamageHistory 0x18,0x680,0xA8,0x20,0x38
Offset Player::Abnormalities::Consumables 0x30,0x40,0x50,0x38
Offset Player::Abnormalities::Songs 0x30,0x40,0x50,0x40,0x30
Offset Player::Abnormalities::Debuffs 0x30,0x40,0x50,0x60
Offset Player::Abnormalities::PalicoSongs 0x30,0x40,0x50,0x40,0x28
Offset Player::Abnormalities::Skills 0x30,0x40,0x50,0x40,0x38
Offset Player::Quest::PlayerIndexes 0x78,0x10
Offset Save::Player::HunterRank 0x98,0x10,0x20
Offset Quest::Data 0x178,0x30
Offset Quest::DieCount 0x178,0x90
Offset Quest::IsRetrying 0x178,0xBE
Offset Quest::CurrentInformation 0x178,0x38,0x18
Offset Quest::LocalPlayer::Damage 0x178,0x48,0x40,0x30
Offset Quest::RemotePlayer::Damage 0x178,0x48,0x50,0x30
Offset Game::PauseState 0x50,0x10,0x20
Offset Network::Party 0xB0,0x18,0x10,0x20
Offset Network::Party::Member::HunterRank 0x10,0x78
Offset Environment::Moon 0x148
Offset Save::Index 0xD8
Offset Save::Data 0x80,0x10,0x20
Offset Activities::MaterialRetrieval 0x130,0x10
Offset Activities::SupportShip 0xC0
Offset Activities::IngredientsCenter 0xB8
Offset Player::SpecializedTools 0x18,0x3A8,0xB0,0x38
Offset Quest::Arena::SelectedLoadout 0x178,0x30,0x30,0x3C
Offset Quest::MissionId 0x178,0x30,0x18,0x20,0x10
Offset Player::IsInArena 0x50,0x20,0x18,0x20,0xF1
Offset Quest::Arena::Data 0xF0,0x48,0x48
Offset Save::SpecializedTool 0x90,0x10,0x10
Offset Npcs::Party 0xE0,0x28
Offset Npc::DamageHistory 0x28,0x680,0xA8,0x20,0x38