Address Game::CameraManager 0x13856208
Address Game::EnemyManager 0x137F8150
Address Encryption::Round 0x13925750
Address Encryption::Key 0x13925760
Address Data:SizeTables 0x137F8150
Address Game::GUIManager 0x138331B8
Address Game::PlayerManager 0x137FCA10
Address Game::SaveManager 0x1385D398
Address Game::QuestManager 0x13794540
Address Game::WorldManager 0x1378F148
Address Game::PauseManager 0x1381D618

Offset Environment::MonsterList 0x2A0
Offset Monster::Magic 0x10,0x28,0x14
Offset Monster::Context 0x30
Offset Monster::ContextData 0x30,0x40
Offset Monster::BasicData 0x30,0x40,0x100
Offset Monster::Health 0x30,0x38,0x10
Offset Monster::Enrage 0x30,0x40,0x130,0x18
Offset Monster::Stamina 0x30,0x40,0x130,0x20
Offset Monster::Ailments 0x30,0x40,0x130,0xC0
Offset Monster::Parts 0x30,0x40,0x120
Offset Monster::Thresholds 0x30,0x40,0x180
Offset Monster::AI 0x30,0x40,0xE0
Offset Camera::Monster::Target 0xB0,0x110,0x20,0x30
Offset Monster::SizeTable 0xB8,0x78,0x20
Offset Monster::TargetKey 0x30,0x40,0xF8,0x18
Offset GUI::VisibilityFlag 0x58,48,0x68,0x10,0x30
Offset Player::Local 0x50,0x20,0x10
Offset Player::Base 0x10
Offset Player::List 0x50,0x20
Offset Player::Stage 0x30,0x38,0x18
Offset Player::Context 0x30,0x48
Offset Player::Gear 0x30,0x40,0x10
Offset Player::Party 0x60
Offset Player::DamageHistory 0x18,0x650,0x80,0x20,0x38
Offset Player::Abnormalities::Consumables 0x30,0x40,0x50,0x38
Offset Player::Abnormalities::Songs 0x30,0x40,0x50,0x40,0x30
Offset Player::Abnormalities::Debuffs 0x30,0x40,0x50,0x60
Offset Player::Abnormalities::PalicoSongs 0x30,0x40,0x50,0x40,0x28
Offset Player::Abnormalities::Skills 0x30,0x40,0x50,0x40,0x38
Offset Save::Player::HunterRank 0x98,0x10,0x20
Offset Quest::Data 0x158,0x20
Offset Quest::DieCount 0x158,0x88
Offset Quest::IsRetrying 0x158,0xBC
Offset Quest::CurrentInformation 0x158,0x28,0x18
Offset Game::PauseState 0x50,0x10,0x20